When I want to leave the house
I have to check if it's raining
so I know whether to bring an umbrella